maxLines: 8 - maxWordsLine: 5 - greaterWord: 6
        _______________________________________
pos  5 |    |    |    |  4 |    |    |    |    |
pos  4 |    |    |    |  4 |    |    |    |    |
pos  3 |    |    |    |  3 |    |  4 |    |    |
pos  2 |    |    |  4 |  4 |    |  4 |  4 |    |
pos  1 |    |  1 |  5 |  6 |  5 |  5 |  5 |    |
       |____|____|____|____|____|____|____|____|
         1L   2L   3L   4L   5L   6L   7L   8L  
