total chars: 14
 ___________________________________________
| * |   |   |   |   |   |   |   |   |   |   |
| * |   |   |   |   |   |   | * |   |   |   |
|_*_|_*_|_*_|_*_|_*_|_*_|_*_|_*_|_*_|_*_|_*_|
  e   x   r   c   i   s   _   1   -   4  \n  
