

char st[] = "/* comment as string */";
char st = '/*'; 
int main()
{
    
    int b;             
    char st[] = "/* ok comment as string */";
    char st2[] = "'";  
    char st2 = "\'";   
    char c = '/*';     
	char c2[] = \'"'"; 
    char c2 = '"';     
    char c4 = ' ";     /* bad closed */
}
