------------- ERRORS FOUND -------------
Error: parentheses closed before open in line 2; column: 1
