------------- ERRORS FOUND -------------
Error: bracket closed before open in line 1; column: 1
