------------- ERRORS FOUND -------------
Error: parentheses closed before open in line 1; column: 5
