------------- ERRORS FOUND -------------
Error: brace closed before open in line 1; column: 5
