invert(120, 7, 3) = 1001 1000
invert(120, 0, 1) = 0111 1001
invert(120, 0, 2) = Error in invert() call: No exists 2 bits between position 0 and rightmost position - 0000 0000
