e  | ***
x  | *
r  | *
c  | *
i  | *
s  | *
_  | *
1  | **
-  | *
4  | *
\n | *
===|====
11 | 14
